// Vitest Snapshot v1

exports[`renders list mode 1`] = `<span data-v-d5772cd7="" class="flex w-[64px] border border-solid border-white/20 rounded-md overflow-hidden mt-[0.5rem] md:mt-0"><label data-v-d5772cd7="" class="thumbnails" data-testid="view-mode-thumbnail" title="View as thumbnails"><input data-v-d5772cd7="" class="hidden" name="view-mode" type="radio" value="thumbnails"><br data-v-d5772cd7="" data-testid="Icon" icon="[object Object]"><span data-v-d5772cd7="" class="hidden">View as thumbnails</span></label><label data-v-d5772cd7="" class="active list" data-testid="view-mode-list" title="View as list"><input data-v-d5772cd7="" class="hidden" name="view-mode" type="radio" value="list"><br data-v-d5772cd7="" data-testid="Icon" icon="[object Object]"><span data-v-d5772cd7="" class="hidden">View as list</span></label></span>`;

exports[`renders thumbnails mode 1`] = `<span data-v-d5772cd7="" class="flex w-[64px] border border-solid border-white/20 rounded-md overflow-hidden mt-[0.5rem] md:mt-0"><label data-v-d5772cd7="" class="active thumbnails" data-testid="view-mode-thumbnail" title="View as thumbnails"><input data-v-d5772cd7="" class="hidden" name="view-mode" type="radio" value="thumbnails"><br data-v-d5772cd7="" data-testid="Icon" icon="[object Object]"><span data-v-d5772cd7="" class="hidden">View as thumbnails</span></label><label data-v-d5772cd7="" class="list" data-testid="view-mode-list" title="View as list"><input data-v-d5772cd7="" class="hidden" name="view-mode" type="radio" value="list"><br data-v-d5772cd7="" data-testid="Icon" icon="[object Object]"><span data-v-d5772cd7="" class="hidden">View as list</span></label></span>`;
