// Vitest Snapshot v1

exports[`renders 1`] = `
<div data-v-6396fbf0="" data-testid="artist-context-menu">
  <nav data-v-6396fbf0="" class="artist-menu menu context-menu select-none shadow" tabindex="0">
    <ul data-v-6396fbf0="">
      <li>Play All</li>
      <li>Shuffle All</li>
      <li class="separator"></li>
      <li>Go to Artist</li>
      <li class="separator"></li>
      <li>Download</li>
    </ul>
  </nav>
</div>
`;
